// Jest Snapshot v1, https://goo.gl/fbAQLP

exports[`Should render Card 1`] = `
.c0 {
  width: 100%;
  max-width: 190px;
  min-height: 84px;
  display: -webkit-box;
  display: -webkit-flex;
  display: -ms-flexbox;
  display: flex;
  -webkit-flex-direction: column;
  -ms-flex-direction: column;
  flex-direction: column;
  -webkit-box-pack: justify;
  -webkit-justify-content: space-between;
  -ms-flex-pack: justify;
  justify-content: space-between;
  box-shadow: 3px 3px 6px #00000029;
  border: 3px solid;
  border-radius: 12px;
  padding: 24px 32px;
}

.c1 {
  margin: 0;
  text-transform: uppercase;
  font-size: 16px;
  font-weight: 400;
  color: #1b1c1d;
  opacity: 1;
  box-shadow: none;
}

.c2 {
  display: -webkit-box;
  display: -webkit-flex;
  display: -ms-flexbox;
  display: flex;
  -webkit-box-pack: start;
  -webkit-justify-content: flex-start;
  -ms-flex-pack: start;
  justify-content: flex-start;
  box-shadow: none;
}

.c2 .StyledIcon {
  font-size: 50px;
  margin-right: 24px;
}

.c3 {
  margin: 0;
  font-size: 40px;
  font-weight: 600;
  box-shadow: none;
}

<div
  className="c0"
>
  <span
    className="c1"
  />
  <div
    className="c2"
  >
    <span
      className="c3"
    />
  </div>
</div>
`;
