// Jest Snapshot v1, https://goo.gl/fbAQLP

exports[`Header changes the class when hovered 1`] = `
.c0 {
  -webkit-flex: 1;
  -ms-flex: 1;
  flex: 1;
  font-family: inherit;
}

<header
  className="c0"
/>
`;
