// Jest Snapshot v1, https://goo.gl/fbAQLP

exports[`should render BaseLayout without sidebar 1`] = `
<div
  className="sc-AxjAm sc-AxirZ sc-fzqBZW ftKGDa"
>
  <div
    className="sc-AxjAm sc-fzoyAV lyerp"
    display="flex"
  >
    <div
      className="sc-AxhUy fHuWra"
    >
      <header
        className="sc-Axmtr fiNXqW"
        fontSize={
          Array [
            2,
            3,
            4,
          ]
        }
      >
        <h1
          className="sc-AxgMl fcQGIZ"
          color="darkRed"
        >
          Cadastro de advogados
        </h1>
      </header>
    </div>
    <div
      className="sc-fzqNJr cIYzga"
    >
      <p>
        Lorem ipsum dolor sit amet
      </p>
    </div>
  </div>
</div>
`;
