// Jest Snapshot v1, https://goo.gl/fbAQLP

exports[`Table changes the class when hovered 1`] = `
.c1 {
  border-spacing: 0;
  position: relative;
  border-collapse: collapse;
  width: 100%;
}

.c2 {
  background: #f1f3f8;
  display: table-header-group;
}

.c4 {
  text-transform: uppercase;
  font-size: 0.8em;
  color: #838383;
  font-weight: 400;
  padding: 1em;
  position: relative;
  position: -webkit-sticky;
  position: sticky;
  top: 0;
  background: #f1f3f8;
  padding: 13px 40px;
  cursor: pointer;
  text-align: left;
}

.c8 {
  text-transform: uppercase;
  font-size: 0.8em;
  color: #838383;
  font-weight: 400;
  padding: 1em;
  position: relative;
  position: -webkit-sticky;
  position: sticky;
  top: 0;
  background: #f1f3f8;
  padding: 13px 40px;
  cursor: pointer;
  text-align: center;
}

.c9 {
  text-transform: uppercase;
  font-size: 0.8em;
  color: #838383;
  font-weight: 400;
  padding: 1em;
  position: relative;
  position: -webkit-sticky;
  position: sticky;
  top: 0;
  background: #f1f3f8;
  padding: 13px 40px;
  text-align: center;
}

.c6 {
  position: relative;
  width: 20px;
  height: 20px;
  margin-left: 4px;
}

.c6::before,
.c6::after {
  content: '';
  display: block;
  position: absolute;
  width: 1px;
  height: 8px;
  top: 0;
  right: 0;
  bottom: 0;
  left: 0;
  margin: auto;
  background-color: #000;
  -webkit-transition: -webkit-transform 0.25s ease-in-out 0s;
  -webkit-transition: transform 0.25s ease-in-out 0s;
  transition: transform 0.25s ease-in-out 0s;
}

.c6::before {
  -webkit-transform: translate3d(-2px,0px,0px) rotate(45deg);
  -ms-transform: translate3d(-2px,0px,0px) rotate(45deg);
  transform: translate3d(-2px,0px,0px) rotate(45deg);
}

.c6::after {
  -webkit-transform: translate3d(3px,0px,0px) rotate(-45deg);
  -ms-transform: translate3d(3px,0px,0px) rotate(-45deg);
  transform: translate3d(3px,0px,0px) rotate(-45deg);
}

.c7 {
  position: relative;
  width: 20px;
  height: 20px;
  margin-left: 4px;
}

.c7::before,
.c7::after {
  content: '';
  display: block;
  border: solid #838383;
  border-width: 0 1px 1px 0;
  display: inline-block;
  padding: 3px;
  position: absolute;
  left: 0;
  right: 0;
  margin: auto;
  width: 0px;
  height: 0px;
}

.c7::after {
  top: 4px;
  -webkit-transform: rotate(-135deg);
  -ms-transform: rotate(-135deg);
  transform: rotate(-135deg);
}

.c7::before {
  bottom: 4px;
  -webkit-transform: rotate(45deg);
  -ms-transform: rotate(45deg);
  transform: rotate(45deg);
}

.c5 {
  display: -webkit-inline-box;
  display: -webkit-inline-flex;
  display: -ms-inline-flexbox;
  display: inline-flex;
  -webkit-align-items: center;
  -webkit-box-align: center;
  -ms-flex-align: center;
  align-items: center;
  -webkit-flex-direction: inherit;
  -ms-flex-direction: inherit;
  flex-direction: inherit;
  -webkit-box-pack: start;
  -webkit-justify-content: flex-start;
  -ms-flex-pack: start;
  justify-content: flex-start;
}

.c11 {
  text-align: left;
  padding: 13px 40px;
}

.c12 {
  text-align: center;
  padding: 13px 40px;
}

.c0 {
  overflow-x: auto;
  width: 66.66666666666666%;
}

.c10 {
  display: table-row-group;
}

.c10 > .c3 {
  background-color: #f8fafc;
}

.c10 > .c3:nth-child(odd) {
  background-color: #fff;
}

<div
  className="c0"
  width={
    Array [
      0.6666666666666666,
    ]
  }
>
  <table
    className="c1"
  >
    <thead
      className="c2"
    >
      <tr
        className="c3 "
      >
        <th
          className="c4"
          onClick={[Function]}
          order={true}
        >
          <span
            className="c5"
          >
            Advogados
             
            <span
              className="c6"
              order="asc"
            />
          </span>
        </th>
        <th
          className="c4"
          onClick={[Function]}
          order={true}
        >
          <span
            className="c5"
          >
            Especialidades
             
            <span
              className="c7"
              order="asc"
            />
          </span>
        </th>
        <th
          className="c8"
          onClick={[Function]}
          order={true}
        >
          <span
            className="c5"
          >
            Tarefas
             
            <span
              className="c7"
              order="asc"
            />
          </span>
        </th>
        <th
          className="c9"
          onClick={[Function]}
        >
          <span
            className="c5"
          >
            Ações
             
          </span>
        </th>
      </tr>
    </thead>
    <tbody
      className="c10"
    >
      <tr
        className="c3 "
      >
        <td
          className="c11"
        >
          Nome do advogado
        </td>
        <td
          className="c11"
        >
          Comercial, Contratos
        </td>
        <td
          className="c12"
        >
          10
        </td>
        <td
          className="c12"
        />
      </tr>
      <tr
        className="c3 "
      >
        <td
          className="c11"
        >
          Nome do advogado
        </td>
        <td
          className="c11"
        >
          Comercial, Contratos
        </td>
        <td
          className="c12"
        >
          10
        </td>
        <td
          className="c12"
        />
      </tr>
      <tr
        className="c3 "
      >
        <td
          className="c11"
        >
          Nome do advogado
        </td>
        <td
          className="c11"
        >
          Comercial, Contratos
        </td>
        <td
          className="c12"
        >
          10
        </td>
        <td
          className="c12"
        />
      </tr>
      <tr
        className="c3 "
      >
        <td
          className="c11"
        >
          Nome do advogado
        </td>
        <td
          className="c11"
        >
          Comercial, Contratos
        </td>
        <td
          className="c12"
        >
          10
        </td>
        <td
          className="c12"
        />
      </tr>
    </tbody>
  </table>
</div>
`;
